2026-09-01 17:19:38.007: [INFO] CurrentProfilePath: C:\Users\jjdom\Desktop\Computer Science 2 Labs\Java\.metadata\.plugins\org.eclipse.swt\EBWebView\Default
2026-09-01 17:19:38.007: [INFO] Profiles total count: 1
2026-09-01 17:19:38.007: [INFO] Profile: name=Profile 1 path=C:\Users\jjdom\Desktop\Computer Science 2 Labs\Java\.metadata\.plugins\org.eclipse.swt\EBWebView\Default lastActive=null
2026-09-01 17:19:38.007: [INFO] LastUsedProfileDir: C:\Users\jjdom\Desktop\Computer Science 2 Labs\Java\.metadata\.plugins\org.eclipse.swt\EBWebView\Default
2026-09-01 17:19:38.007: [INFO] OnDoneLoading sync enabled: 0
2026-09-01 17:19:38.007: [INFO] BookmarkModelLoaded, ids_reassigned: 0
2026-09-01 17:19:38.007: [INFO] BookmarksLoadDropped droppedNodes=0
2026-09-01 17:19:38.007: [INFO] BookmarksSnapshot Startup total=0 bar=0 other=0 mobile=0 showBar=0 showBarNTP=1
2026-09-01 17:19:50.920: [INFO] BookmarksSnapshot Shutdown total=0 bar=0 other=0 mobile=0 showBar=0 showBarNTP=1
2026-09-01 17:22:41.748: [INFO] CurrentProfilePath: C:\Users\jjdom\Desktop\Computer Science 2 Labs\Java\.metadata\.plugins\org.eclipse.swt\EBWebView\Default
2026-09-01 17:22:41.748: [INFO] Profiles total count: 1
2026-09-01 17:22:41.751: [INFO] Profile: name=Profile 1 path=C:\Users\jjdom\Desktop\Computer Science 2 Labs\Java\.metadata\.plugins\org.eclipse.swt\EBWebView\Default lastActive=2026-09-01T17:19:39.633Z
2026-09-01 17:22:41.751: [INFO] LastUsedProfileDir: C:\Users\jjdom\Desktop\Computer Science 2 Labs\Java\.metadata\.plugins\org.eclipse.swt\EBWebView\Default
2026-09-01 17:22:41.751: [INFO] MostRecentlyActiveProfile: name=Profile 1 path=C:\Users\jjdom\Desktop\Computer Science 2 Labs\Java\.metadata\.plugins\org.eclipse.swt\EBWebView\Default lastActive=2026-09-01T17:19:39.633Z
2026-09-01 17:22:41.751: [INFO] OnDoneLoading sync enabled: 0
2026-09-01 17:22:41.751: [INFO] BookmarkModelLoaded, ids_reassigned: 0
2026-09-01 17:22:41.751: [INFO] BookmarksLoadDropped droppedNodes=0
2026-09-01 17:22:41.751: [INFO] BookmarksSnapshot Startup total=0 bar=0 other=0 mobile=0 showBar=0 showBarNTP=1
2026-09-03 16:13:48.232: [INFO] BookmarksSnapshot Shutdown total=0 bar=0 other=0 mobile=0 showBar=0 showBarNTP=1
2026-09-03 17:28:07.970: [INFO] CurrentProfilePath: C:\Users\jjdom\Desktop\Computer Science 2 Labs\Java\.metadata\.plugins\org.eclipse.swt\EBWebView\Default
2026-09-03 17:28:07.970: [INFO] Profiles total count: 1
2026-09-03 17:28:07.970: [INFO] Profile: name=Profile 1 path=C:\Users\jjdom\Desktop\Computer Science 2 Labs\Java\.metadata\.plugins\org.eclipse.swt\EBWebView\Default lastActive=2026-09-03T17:15:20.862Z
2026-09-03 17:28:07.970: [INFO] LastUsedProfileDir: C:\Users\jjdom\Desktop\Computer Science 2 Labs\Java\.metadata\.plugins\org.eclipse.swt\EBWebView\Default
2026-09-03 17:28:07.970: [INFO] MostRecentlyActiveProfile: name=Profile 1 path=C:\Users\jjdom\Desktop\Computer Science 2 Labs\Java\.metadata\.plugins\org.eclipse.swt\EBWebView\Default lastActive=2026-09-03T17:15:20.862Z
2026-09-03 17:28:07.970: [INFO] OnDoneLoading sync enabled: 0
2026-09-03 17:28:07.970: [INFO] BookmarkModelLoaded, ids_reassigned: 0
2026-09-03 17:28:07.970: [INFO] BookmarksLoadDropped droppedNodes=0
2026-09-03 17:28:07.970: [INFO] BookmarksSnapshot Startup total=0 bar=0 other=0 mobile=0 showBar=0 showBarNTP=1
2026-09-03 17:33:41.874: [INFO] BookmarksSnapshot Shutdown total=0 bar=0 other=0 mobile=0 showBar=0 showBarNTP=1
2026-09-03 17:36:31.668: [INFO] CurrentProfilePath: C:\Users\jjdom\Desktop\Computer Science 2 Labs\Java\.metadata\.plugins\org.eclipse.swt\EBWebView\Default
2026-09-03 17:36:31.668: [INFO] Profiles total count: 1
2026-09-03 17:36:31.668: [INFO] Profile: name=Profile 1 path=C:\Users\jjdom\Desktop\Computer Science 2 Labs\Java\.metadata\.plugins\org.eclipse.swt\EBWebView\Default lastActive=2026-09-03T17:15:20.862Z
2026-09-03 17:36:31.668: [INFO] LastUsedProfileDir: C:\Users\jjdom\Desktop\Computer Science 2 Labs\Java\.metadata\.plugins\org.eclipse.swt\EBWebView\Default
2026-09-03 17:36:31.668: [INFO] MostRecentlyActiveProfile: name=Profile 1 path=C:\Users\jjdom\Desktop\Computer Science 2 Labs\Java\.metadata\.plugins\org.eclipse.swt\EBWebView\Default lastActive=2026-09-03T17:15:20.862Z
2026-09-03 17:36:31.668: [INFO] OnDoneLoading sync enabled: 0
2026-09-03 17:36:31.668: [INFO] BookmarkModelLoaded, ids_reassigned: 0
2026-09-03 17:36:31.668: [INFO] BookmarksLoadDropped droppedNodes=0
2026-09-03 17:36:31.668: [INFO] BookmarksSnapshot Startup total=0 bar=0 other=0 mobile=0 showBar=0 showBarNTP=1
2026-09-03 17:37:51.574: [INFO] BookmarksSnapshot Shutdown total=0 bar=0 other=0 mobile=0 showBar=0 showBarNTP=1
2026-09-03 17:40:39.191: [INFO] CurrentProfilePath: C:\Users\jjdom\Desktop\Computer Science 2 Labs\Java\.metadata\.plugins\org.eclipse.swt\EBWebView\Default
2026-09-03 17:40:39.191: [INFO] Profiles total count: 1
2026-09-03 17:40:39.191: [INFO] Profile: name=Profile 1 path=C:\Users\jjdom\Desktop\Computer Science 2 Labs\Java\.metadata\.plugins\org.eclipse.swt\EBWebView\Default lastActive=2026-09-03T17:15:20.862Z
2026-09-03 17:40:39.191: [INFO] LastUsedProfileDir: C:\Users\jjdom\Desktop\Computer Science 2 Labs\Java\.metadata\.plugins\org.eclipse.swt\EBWebView\Default
2026-09-03 17:40:39.192: [INFO] MostRecentlyActiveProfile: name=Profile 1 path=C:\Users\jjdom\Desktop\Computer Science 2 Labs\Java\.metadata\.plugins\org.eclipse.swt\EBWebView\Default lastActive=2026-09-03T17:15:20.862Z
2026-09-03 17:40:39.192: [INFO] OnDoneLoading sync enabled: 0
2026-09-03 17:40:39.192: [INFO] BookmarkModelLoaded, ids_reassigned: 0
2026-09-03 17:40:39.192: [INFO] BookmarksLoadDropped droppedNodes=0
2026-09-03 17:40:39.192: [INFO] BookmarksSnapshot Startup total=0 bar=0 other=0 mobile=0 showBar=0 showBarNTP=1
2026-09-03 17:40:43.666: [INFO] BookmarksSnapshot Shutdown total=0 bar=0 other=0 mobile=0 showBar=0 showBarNTP=1
2026-09-03 17:42:42.298: [INFO] CurrentProfilePath: C:\Users\jjdom\Desktop\Computer Science 2 Labs\Java\.metadata\.plugins\org.eclipse.swt\EBWebView\Default
2026-09-03 17:42:42.298: [INFO] Profiles total count: 1
2026-09-03 17:42:42.298: [INFO] Profile: name=Profile 1 path=C:\Users\jjdom\Desktop\Computer Science 2 Labs\Java\.metadata\.plugins\org.eclipse.swt\EBWebView\Default lastActive=2026-09-03T17:15:20.862Z
2026-09-03 17:42:42.298: [INFO] LastUsedProfileDir: C:\Users\jjdom\Desktop\Computer Science 2 Labs\Java\.metadata\.plugins\org.eclipse.swt\EBWebView\Default
2026-09-03 17:42:42.298: [INFO] MostRecentlyActiveProfile: name=Profile 1 path=C:\Users\jjdom\Desktop\Computer Science 2 Labs\Java\.metadata\.plugins\org.eclipse.swt\EBWebView\Default lastActive=2026-09-03T17:15:20.862Z
2026-09-03 17:42:42.298: [INFO] OnDoneLoading sync enabled: 0
2026-09-03 17:42:42.298: [INFO] BookmarkModelLoaded, ids_reassigned: 0
2026-09-03 17:42:42.298: [INFO] BookmarksLoadDropped droppedNodes=0
2026-09-03 17:42:42.298: [INFO] BookmarksSnapshot Startup total=0 bar=0 other=0 mobile=0 showBar=0 showBarNTP=1
2026-09-03 17:55:26.730: [INFO] BookmarksSnapshot Shutdown total=0 bar=0 other=0 mobile=0 showBar=0 showBarNTP=1
2026-09-08 15:38:00.918: [INFO] CurrentProfilePath: C:\Users\jjdom\Desktop\Computer Science 2 Labs\Java\.metadata\.plugins\org.eclipse.swt\EBWebView\Default
2026-09-08 15:38:00.918: [INFO] Profiles total count: 1
2026-09-08 15:38:00.918: [INFO] Profile: name=Profile 1 path=C:\Users\jjdom\Desktop\Computer Science 2 Labs\Java\.metadata\.plugins\org.eclipse.swt\EBWebView\Default lastActive=2026-09-03T17:15:20.862Z
2026-09-08 15:38:00.918: [INFO] LastUsedProfileDir: C:\Users\jjdom\Desktop\Computer Science 2 Labs\Java\.metadata\.plugins\org.eclipse.swt\EBWebView\Default
2026-09-08 15:38:00.918: [INFO] MostRecentlyActiveProfile: name=Profile 1 path=C:\Users\jjdom\Desktop\Computer Science 2 Labs\Java\.metadata\.plugins\org.eclipse.swt\EBWebView\Default lastActive=2026-09-03T17:15:20.862Z
2026-09-08 15:38:00.918: [INFO] OnDoneLoading sync enabled: 0
2026-09-08 15:38:00.918: [INFO] BookmarkModelLoaded, ids_reassigned: 0
2026-09-08 15:38:00.918: [INFO] BookmarksLoadDropped droppedNodes=0
2026-09-08 15:38:00.918: [INFO] BookmarksSnapshot Startup total=0 bar=0 other=0 mobile=0 showBar=0 showBarNTP=1
2026-09-08 15:38:06.650: [INFO] BookmarksSnapshot Shutdown total=0 bar=0 other=0 mobile=0 showBar=0 showBarNTP=1
